
You@Unit2020-25 MINGW64 ~
$ cd wcci

You@Unit2020-25 MINGW64 ~/wcci
$ mkdir virtual-pet-dolvin

You@Unit2020-25 MINGW64 ~/wcci
$ cd intro-to-git/

You@Unit2020-25 MINGW64 ~/wcci/intro-to-git (master)
$ cd~
bash: cd~: command not found

You@Unit2020-25 MINGW64 ~/wcci/intro-to-git (master)
$ ls

You@Unit2020-25 MINGW64 ~/wcci/intro-to-git (master)
$ cd ~

You@Unit2020-25 MINGW64 ~
$ mkdir wcci
bash: mkdie: command not found

You@Unit2020-25 MINGW64 ~
$ cd wcci

You@Unit2020-25 MINGW64 ~/wcci
